// Jest Snapshot v1, https://goo.gl/fbAQLP

exports[`<App /> should render and match the snapshot 1`] = `
<AppLayout>
  <Switch>
    <Route
      component={[Function]}
      exact={true}
      path="/"
    />
    <Route
      component={[Function]}
      exact={false}
      path="*"
    />
  </Switch>
  <GlobalStyleComponent />
</AppLayout>
`;
